2026-06-01 11:41:43.789: [INFO] VisibilityChanged: 0
2026-06-01 11:41:43.804: [INFO] RecordSyncInitDuration has_sync_been_enabled: 0 state: 0
2026-06-01 11:41:43.804: [INFO] RecordSyncInitDuration has_sync_been_enabled: 0 state: 0
2026-06-01 11:41:43.804: [INFO] RecordSyncInitDuration has_sync_been_enabled: 0 state: 0
2026-06-01 11:41:43.805: [INFO] RecordSyncInitDuration has_sync_been_enabled: 0 state: 0
2026-06-01 11:41:43.805: [INFO] RecordSyncInitDuration has_sync_been_enabled: 0 state: 0
2026-06-01 11:41:43.805: [INFO] RecordSyncInitDuration has_sync_been_enabled: 0 state: 0
2026-06-01 11:41:43.806: [INFO] RecordSyncInitDuration has_sync_been_enabled: 0 state: 0
2026-06-01 11:41:43.806: [INFO] RecordSyncInitDuration has_sync_been_enabled: 0 state: 0
2026-06-01 11:41:43.806: [INFO] RecordSyncInitDuration has_sync_been_enabled: 0 state: 0
2026-06-01 11:41:43.807: [INFO] RecordSyncInitDuration has_sync_been_enabled: 0 state: 0
2026-06-01 11:41:43.807: [INFO] RecordSyncInitDuration has_sync_been_enabled: 0 state: 0
2026-06-01 11:41:43.807: [INFO] RecordSyncInitDuration has_sync_been_enabled: 0 state: 0
2026-06-01 11:41:43.822: [INFO] BookmarkNodeAdded, ABU: 0
2026-06-01 11:41:43.823: [INFO] BookmarkNodeAdded, ABU: 0
2026-06-01 11:41:43.823: [INFO] BookmarkModelLoaded, ids_reassigned: 0
2026-06-01 11:41:43.823: [INFO] OnDoneLoading sync enabled: 0
2026-06-01 11:41:43.874: [INFO] RecordSyncInitDuration has_sync_been_enabled: 0 state: 0
2026-06-01 11:41:47.855: [INFO] RecordSyncInitDuration has_sync_been_enabled: 0 state: 0
2026-06-01 11:41:47.856: [INFO] RecordSyncInitDuration has_sync_been_enabled: 0 state: 3
2026-06-01 11:41:47.858: [INFO] Primary account changed.
2026-06-01 11:41:47.858: [INFO] OnPrimaryAccountChanged PrimaryAccountChangeEvent::Type::kSet
2026-06-01 11:41:47.859: [INFO] RecordSyncInitDuration has_sync_been_enabled: 0 state: 3
2026-06-01 11:41:47.873: [INFO] RecordSyncInitDuration has_sync_been_enabled: 0 state: 3
2026-06-01 11:41:56.986: [INFO] BookmarkNodeAdded, ABU: 0
2026-06-01 11:41:56.986: [INFO] BookmarkNodeAdded, ABU: 0
2026-06-01 11:41:56.987: [INFO] BookmarkNodeAdded, ABU: 0
2026-06-01 11:41:56.987: [INFO] BookmarkNodeAdded, ABU: 0
2026-06-01 11:41:56.987: [INFO] BookmarkNodeAdded, ABU: 0
2026-06-01 11:41:56.988: [INFO] BookmarkNodeAdded, ABU: 0
2026-06-01 11:41:56.988: [INFO] BookmarkNodeAdded, ABU: 0
2026-06-01 11:41:56.988: [INFO] BookmarkNodeAdded, ABU: 0
2026-06-01 11:41:56.988: [INFO] BookmarkNodeAdded, ABU: 0
2026-06-01 11:41:56.989: [INFO] BookmarkNodeAdded, ABU: 0
2026-06-01 11:41:56.989: [INFO] BookmarkNodeAdded, ABU: 0
2026-06-01 11:41:56.989: [INFO] BookmarkNodeAdded, ABU: 0
2026-06-01 11:41:56.989: [INFO] BookmarkNodeAdded, ABU: 0
2026-06-01 11:41:56.989: [INFO] BookmarkNodeAdded, ABU: 0
2026-06-01 11:41:56.990: [INFO] BookmarkNodeAdded, ABU: 0
2026-06-01 11:41:56.990: [INFO] BookmarkNodeAdded, ABU: 0
2026-06-01 11:41:56.990: [INFO] BookmarkNodeAdded, ABU: 0
2026-06-01 11:41:56.990: [INFO] BookmarkNodeAdded, ABU: 0
2026-06-01 11:41:56.991: [INFO] BookmarkNodeAdded, ABU: 0
2026-06-01 11:41:56.991: [INFO] BookmarkNodeAdded, ABU: 0
2026-06-01 11:41:56.991: [INFO] BookmarkNodeAdded, ABU: 0
2026-06-01 11:41:56.991: [INFO] BookmarkNodeAdded, ABU: 0
2026-06-01 11:41:56.992: [INFO] BookmarkNodeAdded, ABU: 0
2026-06-01 11:41:56.992: [INFO] BookmarkNodeAdded, ABU: 0
2026-06-01 11:41:56.992: [INFO] BookmarkNodeAdded, ABU: 0
2026-06-01 11:41:56.992: [INFO] BookmarkNodeAdded, ABU: 0
2026-06-01 11:41:56.993: [INFO] BookmarkNodeAdded, ABU: 0
2026-06-01 11:41:56.993: [INFO] BookmarkNodeAdded, ABU: 0
2026-06-01 11:41:56.993: [INFO] BookmarkNodeAdded, ABU: 0
2026-06-01 11:41:56.994: [INFO] BookmarkNodeAdded, ABU: 0
2026-06-01 11:41:56.994: [INFO] BookmarkNodeAdded, ABU: 0
2026-06-01 11:41:56.994: [INFO] BookmarkNodeAdded, ABU: 0
2026-06-01 11:41:56.994: [INFO] BookmarkNodeAdded, ABU: 0
2026-06-01 11:41:56.995: [INFO] BookmarkNodeAdded, ABU: 0
2026-06-01 11:41:56.995: [INFO] BookmarkNodeAdded, ABU: 0
2026-06-01 11:41:56.995: [INFO] BookmarkNodeAdded, ABU: 0
2026-06-01 11:41:56.995: [INFO] BookmarkNodeAdded, ABU: 0
2026-06-01 11:41:56.995: [INFO] BookmarkNodeAdded, ABU: 0
2026-06-01 11:41:56.996: [INFO] BookmarkNodeAdded, ABU: 0
2026-06-01 11:41:56.996: [INFO] BookmarkNodeAdded, ABU: 0
2026-06-01 11:41:56.996: [INFO] BookmarkNodeAdded, ABU: 0
2026-06-01 11:41:56.997: [INFO] BookmarkNodeAdded, ABU: 0
2026-06-01 11:41:56.997: [INFO] BookmarkNodeAdded, ABU: 0
2026-06-01 11:41:56.997: [INFO] BookmarkNodeAdded, ABU: 0
2026-06-01 11:41:56.998: [INFO] BookmarkNodeAdded, ABU: 0
2026-06-01 11:41:56.998: [INFO] BookmarkNodeAdded, ABU: 0
2026-06-01 11:41:56.998: [INFO] BookmarkNodeAdded, ABU: 0
2026-06-01 11:41:56.998: [INFO] BookmarkNodeAdded, ABU: 0
2026-06-01 11:41:56.999: [INFO] BookmarkNodeAdded, ABU: 0
2026-06-01 11:41:56.999: [INFO] BookmarkNodeAdded, ABU: 0
2026-06-01 11:41:56.999: [INFO] BookmarkNodeAdded, ABU: 0
2026-06-01 11:41:56.999: [INFO] BookmarkNodeAdded, ABU: 0
2026-06-01 11:41:56.999: [INFO] BookmarkNodeAdded, ABU: 0
2026-06-01 11:41:57.000: [INFO] BookmarkNodeAdded, ABU: 0
2026-06-01 11:41:57.000: [INFO] BookmarkNodeAdded, ABU: 0
2026-06-01 11:41:57.000: [INFO] BookmarkNodeAdded, ABU: 0
2026-06-01 11:41:57.000: [INFO] BookmarkNodeAdded, ABU: 0
2026-06-01 11:41:57.001: [INFO] BookmarkNodeAdded, ABU: 0
2026-06-01 11:41:57.001: [INFO] BookmarkNodeAdded, ABU: 0
2026-06-01 11:41:57.001: [INFO] BookmarkNodeAdded, ABU: 0
2026-06-01 11:41:57.001: [INFO] BookmarkNodeAdded, ABU: 0
2026-06-01 11:41:57.002: [INFO] BookmarkNodeAdded, ABU: 0
2026-06-01 11:41:57.002: [INFO] BookmarkNodeAdded, ABU: 0
2026-06-01 11:41:57.002: [INFO] BookmarkNodeAdded, ABU: 0
2026-06-01 11:41:57.002: [INFO] BookmarkNodeAdded, ABU: 0
2026-06-01 11:41:57.002: [INFO] BookmarkNodeAdded, ABU: 0
2026-06-01 11:41:57.003: [INFO] BookmarkNodeAdded, ABU: 0
2026-06-01 11:41:57.003: [INFO] BookmarkNodeAdded, ABU: 0
2026-06-01 11:41:57.003: [INFO] BookmarkNodeAdded, ABU: 0
2026-06-01 11:41:57.003: [INFO] BookmarkNodeAdded, ABU: 0
2026-06-01 11:41:57.004: [INFO] BookmarkNodeAdded, ABU: 0
2026-06-01 11:41:57.004: [INFO] BookmarkNodeAdded, ABU: 0
2026-06-01 11:41:57.004: [INFO] BookmarkNodeAdded, ABU: 0
2026-06-01 11:41:57.004: [INFO] BookmarkNodeAdded, ABU: 0
2026-06-01 11:41:57.004: [INFO] BookmarkNodeAdded, ABU: 0
2026-06-01 11:41:57.005: [INFO] BookmarkNodeAdded, ABU: 0
2026-06-01 11:41:57.005: [INFO] BookmarkNodeAdded, ABU: 0
2026-06-01 11:41:57.005: [INFO] BookmarkNodeAdded, ABU: 0
2026-06-01 11:41:57.005: [INFO] BookmarkNodeAdded, ABU: 0
2026-06-01 11:41:57.006: [INFO] BookmarkNodeAdded, ABU: 0
2026-06-01 11:41:57.006: [INFO] BookmarkNodeAdded, ABU: 0
2026-06-01 11:41:57.006: [INFO] BookmarkNodeAdded, ABU: 0
2026-06-01 11:41:57.006: [INFO] BookmarkNodeAdded, ABU: 0
2026-06-01 11:41:57.007: [INFO] BookmarkNodeAdded, ABU: 0
2026-06-01 11:41:57.007: [INFO] BookmarkNodeAdded, ABU: 0
2026-06-01 11:41:57.007: [INFO] BookmarkNodeAdded, ABU: 0
2026-06-01 11:41:57.007: [INFO] BookmarkNodeAdded, ABU: 0
2026-06-01 11:41:57.007: [INFO] BookmarkNodeAdded, ABU: 0
2026-06-01 11:41:57.008: [INFO] BookmarkNodeAdded, ABU: 0
2026-06-01 11:41:57.008: [INFO] BookmarkNodeAdded, ABU: 0
2026-06-01 11:41:57.008: [INFO] BookmarkNodeAdded, ABU: 0
2026-06-01 11:41:57.008: [INFO] BookmarkNodeAdded, ABU: 0
2026-06-01 11:41:57.009: [INFO] BookmarkNodeAdded, ABU: 0
2026-06-01 11:41:57.009: [INFO] BookmarkNodeAdded, ABU: 0
2026-06-01 11:41:57.009: [INFO] BookmarkNodeAdded, ABU: 0
2026-06-01 11:41:57.009: [INFO] BookmarkNodeAdded, ABU: 0
2026-06-01 11:41:57.010: [INFO] BookmarkNodeAdded, ABU: 0
2026-06-01 11:41:57.010: [INFO] BookmarkNodeAdded, ABU: 0
2026-06-01 11:41:57.010: [INFO] BookmarkNodeAdded, ABU: 0
2026-06-01 11:41:57.010: [INFO] BookmarkNodeAdded, ABU: 0
2026-06-01 11:41:57.011: [INFO] BookmarkNodeAdded, ABU: 0
2026-06-01 11:41:57.011: [INFO] BookmarkNodeAdded, ABU: 0
2026-06-01 11:41:57.011: [INFO] BookmarkNodeAdded, ABU: 0
2026-06-01 11:41:57.011: [INFO] BookmarkNodeAdded, ABU: 0
2026-06-01 11:41:57.012: [INFO] BookmarkNodeAdded, ABU: 0
2026-06-01 11:41:57.012: [INFO] BookmarkNodeAdded, ABU: 0
2026-06-01 11:41:57.012: [INFO] BookmarkNodeAdded, ABU: 0
2026-06-01 11:41:57.012: [INFO] BookmarkNodeAdded, ABU: 0
2026-06-01 11:41:57.013: [INFO] BookmarkNodeAdded, ABU: 0
2026-06-01 11:41:57.013: [INFO] BookmarkNodeAdded, ABU: 0
2026-06-01 11:41:57.013: [INFO] BookmarkNodeAdded, ABU: 0
2026-06-01 11:41:57.013: [INFO] BookmarkNodeAdded, ABU: 0
2026-06-01 11:41:57.013: [INFO] BookmarkNodeAdded, ABU: 0
2026-06-01 11:41:57.014: [INFO] BookmarkNodeAdded, ABU: 0
2026-06-01 11:41:57.014: [INFO] BookmarkNodeAdded, ABU: 0
2026-06-01 11:41:57.014: [INFO] BookmarkNodeAdded, ABU: 0
2026-06-01 11:41:57.014: [INFO] BookmarkNodeAdded, ABU: 0
2026-06-01 11:41:57.015: [INFO] BookmarkNodeAdded, ABU: 0
2026-06-01 11:41:57.015: [INFO] BookmarkNodeAdded, ABU: 0
2026-06-01 11:41:57.015: [INFO] BookmarkNodeAdded, ABU: 0
2026-06-01 11:41:57.015: [INFO] BookmarkNodeAdded, ABU: 0
2026-06-01 11:41:57.015: [INFO] BookmarkNodeAdded, ABU: 0
2026-06-01 11:41:57.016: [INFO] BookmarkNodeAdded, ABU: 0
2026-06-01 11:41:57.016: [INFO] BookmarkNodeAdded, ABU: 0
2026-06-01 11:41:57.016: [INFO] BookmarkNodeAdded, ABU: 0
2026-06-01 11:41:57.016: [INFO] BookmarkNodeAdded, ABU: 0
2026-06-01 11:41:57.017: [INFO] BookmarkNodeAdded, ABU: 0
2026-06-01 11:41:57.017: [INFO] BookmarkNodeAdded, ABU: 0
2026-06-01 11:41:57.017: [INFO] BookmarkNodeAdded, ABU: 0
2026-06-01 11:41:57.017: [INFO] BookmarkNodeAdded, ABU: 0
2026-06-01 11:41:57.017: [INFO] BookmarkNodeAdded, ABU: 0
2026-06-01 11:41:57.018: [INFO] BookmarkNodeAdded, ABU: 0
2026-06-01 11:41:57.018: [INFO] BookmarkNodeAdded, ABU: 0
2026-06-01 11:41:57.018: [INFO] BookmarkNodeAdded, ABU: 0
2026-06-01 11:41:57.018: [INFO] BookmarkNodeAdded, ABU: 0
2026-06-01 11:41:57.019: [INFO] BookmarkNodeAdded, ABU: 0
2026-06-01 11:41:57.019: [INFO] BookmarkNodeAdded, ABU: 0
2026-06-01 11:41:57.019: [INFO] BookmarkNodeAdded, ABU: 0
2026-06-01 11:41:57.019: [INFO] BookmarkNodeAdded, ABU: 0
2026-06-01 11:41:57.019: [INFO] BookmarkNodeAdded, ABU: 0
2026-06-01 11:41:57.019: [INFO] BookmarkNodeAdded, ABU: 0
2026-06-01 11:41:57.020: [INFO] BookmarkNodeAdded, ABU: 0
2026-06-01 11:41:57.020: [INFO] BookmarkNodeAdded, ABU: 0
2026-06-01 11:41:57.020: [INFO] BookmarkNodeAdded, ABU: 0
2026-06-01 11:41:57.020: [INFO] BookmarkNodeAdded, ABU: 0
2026-06-01 11:41:57.021: [INFO] BookmarkNodeAdded, ABU: 0
2026-06-01 11:41:57.021: [INFO] BookmarkNodeAdded, ABU: 0
2026-06-01 11:41:57.021: [INFO] BookmarkNodeAdded, ABU: 0
2026-06-01 11:41:57.021: [INFO] BookmarkNodeAdded, ABU: 0
2026-06-01 11:41:57.022: [INFO] BookmarkNodeAdded, ABU: 0
2026-06-01 11:41:57.022: [INFO] BookmarkNodeAdded, ABU: 0
2026-06-01 11:41:57.022: [INFO] BookmarkNodeAdded, ABU: 0
2026-06-01 11:41:57.022: [INFO] BookmarkNodeAdded, ABU: 0
2026-06-01 11:41:57.023: [INFO] BookmarkNodeAdded, ABU: 0
2026-06-01 11:41:57.023: [INFO] BookmarkNodeAdded, ABU: 0
2026-06-01 11:41:57.023: [INFO] BookmarkNodeAdded, ABU: 0
2026-06-01 11:41:57.023: [INFO] BookmarkNodeAdded, ABU: 0
2026-06-01 11:41:57.024: [INFO] BookmarkNodeAdded, ABU: 0
2026-06-01 11:41:57.024: [INFO] BookmarkNodeAdded, ABU: 0
2026-06-01 11:41:57.024: [INFO] BookmarkNodeAdded, ABU: 0
2026-06-01 11:41:57.024: [INFO] BookmarkNodeAdded, ABU: 0
2026-06-01 11:41:57.024: [INFO] BookmarkNodeAdded, ABU: 0
2026-06-01 11:41:57.025: [INFO] BookmarkNodeAdded, ABU: 0
2026-06-01 11:41:57.025: [INFO] BookmarkNodeAdded, ABU: 0
2026-06-01 11:41:57.025: [INFO] BookmarkNodeAdded, ABU: 0
2026-06-01 11:41:57.026: [INFO] BookmarkNodeAdded, ABU: 0
2026-06-01 11:41:57.026: [INFO] BookmarkNodeAdded, ABU: 0
2026-06-01 11:41:57.026: [INFO] BookmarkNodeAdded, ABU: 0
2026-06-01 11:41:57.026: [INFO] BookmarkNodeAdded, ABU: 0
2026-06-01 11:41:57.027: [INFO] BookmarkNodeAdded, ABU: 0
2026-06-01 11:41:57.027: [INFO] BookmarkNodeAdded, ABU: 0
2026-06-01 11:41:57.027: [INFO] BookmarkNodeAdded, ABU: 0
2026-06-01 11:41:57.027: [INFO] BookmarkNodeAdded, ABU: 0
2026-06-01 11:41:57.028: [INFO] BookmarkNodeAdded, ABU: 0
2026-06-01 11:41:57.028: [INFO] BookmarkNodeAdded, ABU: 0
2026-06-01 11:41:57.028: [INFO] BookmarkNodeAdded, ABU: 0
2026-06-01 11:41:57.028: [INFO] BookmarkNodeAdded, ABU: 0
2026-06-01 11:41:57.029: [INFO] BookmarkNodeAdded, ABU: 0
2026-06-01 11:41:57.029: [INFO] BookmarkNodeAdded, ABU: 0
2026-06-01 11:41:57.029: [INFO] BookmarkNodeAdded, ABU: 0
2026-06-01 11:41:57.030: [INFO] BookmarkNodeAdded, ABU: 0
2026-06-01 11:41:57.030: [INFO] BookmarkNodeAdded, ABU: 0
2026-06-01 11:41:57.030: [INFO] BookmarkNodeAdded, ABU: 0
2026-06-01 11:41:57.030: [INFO] BookmarkNodeAdded, ABU: 0
2026-06-01 11:41:57.031: [INFO] BookmarkNodeAdded, ABU: 0
2026-06-01 11:41:57.031: [INFO] BookmarkNodeAdded, ABU: 0
2026-06-01 11:41:57.031: [INFO] BookmarkNodeAdded, ABU: 0
2026-06-01 11:41:57.031: [INFO] BookmarkNodeAdded, ABU: 0
2026-06-01 11:41:57.032: [INFO] BookmarkNodeAdded, ABU: 0
2026-06-01 11:41:57.032: [INFO] BookmarkNodeAdded, ABU: 0
2026-06-01 11:41:57.032: [INFO] BookmarkNodeAdded, ABU: 0
2026-06-01 11:41:57.032: [INFO] BookmarkNodeAdded, ABU: 0
2026-06-01 11:41:57.033: [INFO] BookmarkNodeAdded, ABU: 0
2026-06-01 11:41:57.033: [INFO] BookmarkNodeAdded, ABU: 0
2026-06-01 11:41:57.033: [INFO] BookmarkNodeAdded, ABU: 0
2026-06-01 11:41:57.033: [INFO] BookmarkNodeAdded, ABU: 0
2026-06-01 11:41:57.034: [INFO] BookmarkNodeAdded, ABU: 0
2026-06-01 11:41:57.034: [INFO] BookmarkNodeAdded, ABU: 0
2026-06-01 11:41:57.034: [INFO] BookmarkNodeAdded, ABU: 0
2026-06-01 11:41:57.034: [INFO] BookmarkNodeAdded, ABU: 0
2026-06-01 11:41:57.035: [INFO] BookmarkNodeAdded, ABU: 0
2026-06-01 11:41:57.035: [INFO] BookmarkNodeAdded, ABU: 0
2026-06-01 11:41:57.035: [INFO] BookmarkNodeAdded, ABU: 0
2026-06-01 11:41:57.035: [INFO] BookmarkNodeAdded, ABU: 0
2026-06-01 11:41:57.036: [INFO] BookmarkNodeAdded, ABU: 0
2026-06-01 11:41:57.036: [INFO] BookmarkNodeAdded, ABU: 0
2026-06-01 11:41:57.036: [INFO] BookmarkNodeAdded, ABU: 0
2026-06-01 11:41:57.036: [INFO] BookmarkNodeAdded, ABU: 0
2026-06-01 11:41:57.037: [INFO] BookmarkNodeAdded, ABU: 0
2026-06-01 11:41:57.037: [INFO] BookmarkNodeAdded, ABU: 0
2026-06-01 11:41:57.037: [INFO] BookmarkNodeAdded, ABU: 0
2026-06-01 11:41:57.038: [INFO] BookmarkNodeAdded, ABU: 0
2026-06-01 11:41:57.038: [INFO] BookmarkNodeAdded, ABU: 0
2026-06-01 11:41:57.038: [INFO] BookmarkNodeAdded, ABU: 0
2026-06-01 11:41:57.038: [INFO] BookmarkNodeAdded, ABU: 0
2026-06-01 11:41:57.038: [INFO] BookmarkNodeAdded, ABU: 0
2026-06-01 11:41:57.039: [INFO] BookmarkNodeAdded, ABU: 0
2026-06-01 11:41:57.039: [INFO] BookmarkNodeAdded, ABU: 0
2026-06-01 11:41:57.039: [INFO] BookmarkNodeAdded, ABU: 0
2026-06-01 11:41:57.039: [INFO] BookmarkNodeAdded, ABU: 0
2026-06-01 11:41:57.040: [INFO] BookmarkNodeAdded, ABU: 0
2026-06-01 11:41:57.040: [INFO] BookmarkNodeAdded, ABU: 0
2026-06-01 11:41:57.040: [INFO] BookmarkNodeAdded, ABU: 0
2026-06-01 11:41:57.041: [INFO] BookmarkNodeAdded, ABU: 0
2026-06-01 11:41:57.041: [INFO] BookmarkNodeAdded, ABU: 0
2026-06-01 11:41:57.041: [INFO] BookmarkNodeAdded, ABU: 0
2026-06-01 11:41:57.042: [INFO] BookmarkNodeAdded, ABU: 0
2026-06-01 11:41:57.042: [INFO] BookmarkNodeAdded, ABU: 0
2026-06-01 11:41:57.042: [INFO] BookmarkNodeAdded, ABU: 0
2026-06-01 11:41:57.043: [INFO] BookmarkNodeAdded, ABU: 0
2026-06-01 11:41:57.043: [INFO] BookmarkNodeAdded, ABU: 0
2026-06-01 11:41:57.043: [INFO] BookmarkNodeAdded, ABU: 0
2026-06-01 11:41:57.043: [INFO] BookmarkNodeAdded, ABU: 0
2026-06-01 11:41:57.044: [INFO] BookmarkNodeAdded, ABU: 0
2026-06-01 11:41:57.044: [INFO] BookmarkNodeAdded, ABU: 0
2026-06-01 11:41:57.044: [INFO] BookmarkNodeAdded, ABU: 0
2026-06-01 11:41:57.045: [INFO] BookmarkNodeAdded, ABU: 0
2026-06-01 11:41:57.045: [INFO] BookmarkNodeAdded, ABU: 0
2026-06-01 11:41:57.045: [INFO] BookmarkNodeAdded, ABU: 0
2026-06-01 11:41:57.045: [INFO] BookmarkNodeAdded, ABU: 0
2026-06-01 11:41:57.046: [INFO] BookmarkNodeAdded, ABU: 0
2026-06-01 11:41:57.046: [INFO] BookmarkNodeAdded, ABU: 0
2026-06-01 11:41:57.046: [INFO] BookmarkNodeAdded, ABU: 0
2026-06-01 11:41:57.047: [INFO] BookmarkNodeAdded, ABU: 0
2026-06-01 11:41:57.047: [INFO] BookmarkNodeAdded, ABU: 0
2026-06-01 11:41:57.047: [INFO] BookmarkNodeAdded, ABU: 0
2026-06-01 11:41:57.048: [INFO] BookmarkNodeAdded, ABU: 0
2026-06-01 11:41:57.048: [INFO] BookmarkNodeAdded, ABU: 0
2026-06-01 11:41:57.048: [INFO] BookmarkNodeAdded, ABU: 0
2026-06-01 11:41:57.048: [INFO] BookmarkNodeAdded, ABU: 0
2026-06-01 11:41:57.049: [INFO] BookmarkNodeAdded, ABU: 0
2026-06-01 11:41:57.049: [INFO] BookmarkNodeAdded, ABU: 0
2026-06-01 11:41:57.049: [INFO] BookmarkNodeAdded, ABU: 0
2026-06-01 11:41:57.049: [INFO] BookmarkNodeAdded, ABU: 0
2026-06-01 11:41:57.050: [INFO] BookmarkNodeAdded, ABU: 0
2026-06-01 11:41:57.050: [INFO] BookmarkNodeAdded, ABU: 0
2026-06-01 11:41:57.050: [INFO] BookmarkNodeAdded, ABU: 0
2026-06-01 11:41:57.050: [INFO] BookmarkNodeAdded, ABU: 0
2026-06-01 11:41:57.051: [INFO] BookmarkNodeAdded, ABU: 0
2026-06-01 11:41:57.051: [INFO] BookmarkNodeAdded, ABU: 0
2026-06-01 11:41:57.051: [INFO] BookmarkNodeAdded, ABU: 0
2026-06-01 11:41:57.052: [INFO] BookmarkNodeAdded, ABU: 0
2026-06-01 11:41:57.052: [INFO] BookmarkNodeAdded, ABU: 0
2026-06-01 11:41:57.052: [INFO] BookmarkNodeAdded, ABU: 0
2026-06-01 11:41:57.052: [INFO] BookmarkNodeAdded, ABU: 0
2026-06-01 11:41:57.052: [INFO] BookmarkNodeAdded, ABU: 0
2026-06-01 11:41:57.053: [INFO] BookmarkNodeAdded, ABU: 0
2026-06-01 11:41:57.053: [INFO] BookmarkNodeAdded, ABU: 0
2026-06-01 11:41:57.053: [INFO] BookmarkNodeAdded, ABU: 0
2026-06-01 11:41:57.053: [INFO] BookmarkNodeAdded, ABU: 0
2026-06-01 11:41:57.054: [INFO] BookmarkNodeAdded, ABU: 0
2026-06-01 11:41:57.054: [INFO] BookmarkNodeAdded, ABU: 0
2026-06-01 11:41:57.054: [INFO] BookmarkNodeAdded, ABU: 0
2026-06-01 11:41:57.054: [INFO] BookmarkNodeAdded, ABU: 0
2026-06-01 11:41:57.054: [INFO] BookmarkNodeAdded, ABU: 0
2026-06-01 11:41:57.055: [INFO] BookmarkNodeAdded, ABU: 0
2026-06-01 11:41:57.055: [INFO] BookmarkNodeAdded, ABU: 0
2026-06-01 11:41:57.055: [INFO] BookmarkNodeAdded, ABU: 0
2026-06-01 11:41:57.056: [INFO] BookmarkNodeAdded, ABU: 0
2026-06-01 11:41:57.056: [INFO] BookmarkNodeAdded, ABU: 0
2026-06-01 11:41:57.056: [INFO] BookmarkNodeAdded, ABU: 0
2026-06-01 11:41:57.056: [INFO] BookmarkNodeAdded, ABU: 0
2026-06-01 11:41:57.057: [INFO] BookmarkNodeAdded, ABU: 0
2026-06-01 11:41:57.057: [INFO] BookmarkNodeAdded, ABU: 0
2026-06-01 11:41:57.057: [INFO] BookmarkNodeAdded, ABU: 0
2026-06-01 11:41:57.057: [INFO] BookmarkNodeAdded, ABU: 0
2026-06-01 11:41:57.058: [INFO] BookmarkNodeAdded, ABU: 0
2026-06-01 11:41:57.058: [INFO] BookmarkNodeAdded, ABU: 0
2026-06-01 11:41:57.058: [INFO] BookmarkNodeAdded, ABU: 0
2026-06-01 11:41:57.058: [INFO] BookmarkNodeAdded, ABU: 0
2026-06-01 11:41:57.059: [INFO] BookmarkNodeAdded, ABU: 0
2026-06-01 11:41:57.059: [INFO] BookmarkNodeAdded, ABU: 0
2026-06-01 11:41:57.059: [INFO] BookmarkNodeAdded, ABU: 0
2026-06-01 11:41:57.059: [INFO] BookmarkNodeAdded, ABU: 0
2026-06-01 11:41:57.060: [INFO] BookmarkNodeAdded, ABU: 0
2026-06-01 11:41:57.060: [INFO] BookmarkNodeAdded, ABU: 0
2026-06-01 11:41:57.060: [INFO] BookmarkNodeAdded, ABU: 0
2026-06-01 11:41:57.060: [INFO] BookmarkNodeAdded, ABU: 0
2026-06-01 11:41:57.061: [INFO] BookmarkNodeAdded, ABU: 0
2026-06-01 11:41:57.061: [INFO] BookmarkNodeAdded, ABU: 0
2026-06-01 11:41:57.061: [INFO] BookmarkNodeAdded, ABU: 0
2026-06-01 11:41:57.061: [INFO] BookmarkNodeAdded, ABU: 0
2026-06-01 11:41:57.062: [INFO] BookmarkNodeAdded, ABU: 0
2026-06-01 11:41:57.062: [INFO] BookmarkNodeAdded, ABU: 0
2026-06-01 11:41:57.062: [INFO] BookmarkNodeAdded, ABU: 0
2026-06-01 11:41:57.062: [INFO] BookmarkNodeAdded, ABU: 0
2026-06-01 11:41:57.063: [INFO] BookmarkNodeAdded, ABU: 0
2026-06-01 11:41:57.063: [INFO] BookmarkNodeAdded, ABU: 0
2026-06-01 11:41:57.063: [INFO] BookmarkNodeAdded, ABU: 0
2026-06-01 11:41:57.063: [INFO] BookmarkNodeAdded, ABU: 0
2026-06-01 11:41:57.064: [INFO] BookmarkNodeAdded, ABU: 0
2026-06-01 11:41:57.064: [INFO] BookmarkNodeAdded, ABU: 0
2026-06-01 11:41:57.064: [INFO] BookmarkNodeAdded, ABU: 0
2026-06-01 11:41:57.064: [INFO] BookmarkNodeAdded, ABU: 0
2026-06-01 11:41:57.065: [INFO] BookmarkNodeAdded, ABU: 0
2026-06-01 11:41:57.065: [INFO] BookmarkNodeAdded, ABU: 0
2026-06-01 11:41:57.065: [INFO] BookmarkNodeAdded, ABU: 0
2026-06-01 11:41:57.065: [INFO] BookmarkNodeAdded, ABU: 0
2026-06-01 11:41:57.066: [INFO] BookmarkNodeAdded, ABU: 0
2026-06-01 11:41:57.066: [INFO] BookmarkNodeAdded, ABU: 0
2026-06-01 11:41:57.066: [INFO] BookmarkNodeAdded, ABU: 0
2026-06-01 11:41:57.067: [INFO] BookmarkNodeAdded, ABU: 0
2026-06-01 11:41:57.067: [INFO] BookmarkNodeAdded, ABU: 0
2026-06-01 11:41:57.067: [INFO] BookmarkNodeAdded, ABU: 0
2026-06-01 11:41:57.067: [INFO] BookmarkNodeAdded, ABU: 0
2026-06-01 11:41:57.068: [INFO] BookmarkNodeAdded, ABU: 0
2026-06-01 11:41:57.068: [INFO] BookmarkNodeAdded, ABU: 0
2026-06-01 11:41:57.068: [INFO] BookmarkNodeAdded, ABU: 0
2026-06-01 11:41:57.068: [INFO] BookmarkNodeAdded, ABU: 0
2026-06-01 11:41:57.069: [INFO] BookmarkNodeAdded, ABU: 0
2026-06-01 11:41:57.069: [INFO] BookmarkNodeAdded, ABU: 0
2026-06-01 11:41:57.069: [INFO] BookmarkNodeAdded, ABU: 0
2026-06-01 11:41:57.069: [INFO] BookmarkNodeAdded, ABU: 0
2026-06-01 11:41:57.070: [INFO] BookmarkNodeAdded, ABU: 0
2026-06-01 11:41:57.070: [INFO] BookmarkNodeAdded, ABU: 0
2026-06-01 11:41:57.070: [INFO] BookmarkNodeAdded, ABU: 0
2026-06-01 11:41:57.071: [INFO] BookmarkNodeAdded, ABU: 0
2026-06-01 11:41:57.071: [INFO] BookmarkNodeAdded, ABU: 0
2026-06-01 11:41:57.071: [INFO] BookmarkNodeAdded, ABU: 0
2026-06-01 11:41:57.071: [INFO] BookmarkNodeAdded, ABU: 0
2026-06-01 11:41:57.072: [INFO] BookmarkNodeAdded, ABU: 0
2026-06-01 11:41:57.072: [INFO] BookmarkNodeAdded, ABU: 0
2026-06-01 11:41:57.072: [INFO] BookmarkNodeAdded, ABU: 0
2026-06-01 11:41:57.073: [INFO] BookmarkNodeAdded, ABU: 0
2026-06-01 11:41:57.073: [INFO] BookmarkNodeAdded, ABU: 0
2026-06-01 11:41:57.073: [INFO] BookmarkNodeAdded, ABU: 0
2026-06-01 11:41:57.073: [INFO] BookmarkNodeAdded, ABU: 0
2026-06-01 11:41:57.074: [INFO] BookmarkNodeAdded, ABU: 0
2026-06-01 11:41:57.074: [INFO] BookmarkNodeAdded, ABU: 0
2026-06-01 11:41:57.074: [INFO] BookmarkNodeAdded, ABU: 0
2026-06-01 11:41:57.074: [INFO] BookmarkNodeAdded, ABU: 0
2026-06-01 11:41:57.075: [INFO] BookmarkNodeAdded, ABU: 0
2026-06-01 11:41:57.075: [INFO] BookmarkNodeAdded, ABU: 0
2026-06-01 11:41:57.075: [INFO] BookmarkNodeAdded, ABU: 0
2026-06-01 11:41:57.075: [INFO] BookmarkNodeAdded, ABU: 0
2026-06-01 11:41:57.076: [INFO] BookmarkNodeAdded, ABU: 0
2026-06-01 11:41:57.076: [INFO] BookmarkNodeAdded, ABU: 0
2026-06-01 11:41:57.076: [INFO] BookmarkNodeAdded, ABU: 0
2026-06-01 11:41:57.076: [INFO] BookmarkNodeAdded, ABU: 0
2026-06-01 11:41:57.076: [INFO] BookmarkNodeAdded, ABU: 0
2026-06-01 11:41:57.077: [INFO] BookmarkNodeAdded, ABU: 0
2026-06-01 11:41:57.077: [INFO] BookmarkNodeAdded, ABU: 0
2026-06-01 11:41:57.077: [INFO] BookmarkNodeAdded, ABU: 0
2026-06-01 11:41:57.077: [INFO] BookmarkNodeAdded, ABU: 0
2026-06-01 11:41:57.078: [INFO] BookmarkNodeAdded, ABU: 0
2026-06-01 11:41:57.078: [INFO] BookmarkNodeAdded, ABU: 0
2026-06-01 11:41:57.078: [INFO] BookmarkNodeAdded, ABU: 0
2026-06-01 11:41:57.078: [INFO] BookmarkNodeAdded, ABU: 0
2026-06-01 11:41:57.079: [INFO] BookmarkNodeAdded, ABU: 0
2026-06-01 11:41:57.079: [INFO] BookmarkNodeAdded, ABU: 0
2026-06-01 11:41:57.079: [INFO] BookmarkNodeAdded, ABU: 0
2026-06-01 11:41:57.080: [INFO] BookmarkNodeAdded, ABU: 0
2026-06-01 11:41:57.080: [INFO] BookmarkNodeAdded, ABU: 0
2026-06-01 11:41:57.080: [INFO] BookmarkNodeAdded, ABU: 0
2026-06-01 11:41:57.080: [INFO] BookmarkNodeAdded, ABU: 0
2026-06-01 11:41:57.081: [INFO] BookmarkNodeAdded, ABU: 0
2026-06-01 11:41:57.081: [INFO] BookmarkNodeAdded, ABU: 0
2026-06-01 11:41:57.081: [INFO] BookmarkNodeAdded, ABU: 0
2026-06-01 11:41:57.081: [INFO] BookmarkNodeAdded, ABU: 0
2026-06-01 11:41:57.082: [INFO] BookmarkNodeAdded, ABU: 0
2026-06-01 11:41:57.082: [INFO] BookmarkNodeAdded, ABU: 0
2026-06-01 11:41:57.082: [INFO] BookmarkNodeAdded, ABU: 0
2026-06-01 11:41:57.082: [INFO] BookmarkNodeAdded, ABU: 0
2026-06-01 11:41:57.083: [INFO] BookmarkNodeAdded, ABU: 0
2026-06-01 11:41:57.083: [INFO] BookmarkNodeAdded, ABU: 0
2026-06-01 11:41:57.083: [INFO] BookmarkNodeAdded, ABU: 0
2026-06-01 11:41:57.084: [INFO] BookmarkNodeAdded, ABU: 0
2026-06-01 11:41:57.084: [INFO] BookmarkNodeAdded, ABU: 0
2026-06-01 11:41:57.084: [INFO] BookmarkNodeAdded, ABU: 0
2026-06-01 11:41:57.084: [INFO] BookmarkNodeAdded, ABU: 0
2026-06-01 11:41:57.085: [INFO] BookmarkNodeAdded, ABU: 0
2026-06-01 11:41:57.085: [INFO] BookmarkNodeAdded, ABU: 0
2026-06-01 11:41:57.085: [INFO] BookmarkNodeAdded, ABU: 0
2026-06-01 11:41:57.085: [INFO] BookmarkNodeAdded, ABU: 0
2026-06-01 11:41:57.085: [INFO] BookmarkNodeAdded, ABU: 0
2026-06-01 11:41:57.086: [INFO] BookmarkNodeAdded, ABU: 0
2026-06-01 11:41:57.086: [INFO] BookmarkNodeAdded, ABU: 0
2026-06-01 11:41:57.086: [INFO] BookmarkNodeAdded, ABU: 0
2026-06-01 11:41:57.086: [INFO] BookmarkNodeAdded, ABU: 0
2026-06-01 11:41:57.087: [INFO] BookmarkNodeAdded, ABU: 0
2026-06-01 11:41:57.087: [INFO] BookmarkNodeAdded, ABU: 0
2026-06-01 11:41:57.087: [INFO] BookmarkNodeAdded, ABU: 0
2026-06-01 11:41:57.087: [INFO] BookmarkNodeAdded, ABU: 0
2026-06-01 11:41:57.088: [INFO] BookmarkNodeAdded, ABU: 0
2026-06-01 11:41:57.088: [INFO] BookmarkNodeAdded, ABU: 0
2026-06-01 11:41:57.088: [INFO] BookmarkNodeAdded, ABU: 0
2026-06-01 11:41:57.089: [INFO] BookmarkNodeAdded, ABU: 0
2026-06-01 11:41:57.089: [INFO] BookmarkNodeAdded, ABU: 0
2026-06-01 11:41:57.089: [INFO] BookmarkNodeAdded, ABU: 0
2026-06-01 11:41:57.090: [INFO] BookmarkNodeAdded, ABU: 0
2026-06-01 11:41:57.090: [INFO] BookmarkNodeAdded, ABU: 0
2026-06-01 11:41:57.090: [INFO] BookmarkNodeAdded, ABU: 0
2026-06-01 11:41:57.090: [INFO] BookmarkNodeAdded, ABU: 0
2026-06-01 11:41:57.091: [INFO] BookmarkNodeAdded, ABU: 0
2026-06-01 11:41:57.091: [INFO] BookmarkNodeAdded, ABU: 0
2026-06-01 11:41:57.091: [INFO] BookmarkNodeAdded, ABU: 0
2026-06-01 11:41:57.091: [INFO] BookmarkNodeAdded, ABU: 0
2026-06-01 11:41:57.092: [INFO] BookmarkNodeAdded, ABU: 0
2026-06-01 11:41:57.092: [INFO] BookmarkNodeAdded, ABU: 0
2026-06-01 11:41:57.092: [INFO] BookmarkNodeAdded, ABU: 0
2026-06-01 11:41:57.092: [INFO] BookmarkNodeAdded, ABU: 0
2026-06-01 11:41:57.093: [INFO] BookmarkNodeAdded, ABU: 0
2026-06-01 11:41:57.093: [INFO] BookmarkNodeAdded, ABU: 0
2026-06-01 11:41:57.093: [INFO] BookmarkNodeAdded, ABU: 0
2026-06-01 11:41:57.094: [INFO] BookmarkNodeAdded, ABU: 0
2026-06-01 11:41:57.094: [INFO] BookmarkNodeAdded, ABU: 0
2026-06-01 11:41:57.094: [INFO] BookmarkNodeAdded, ABU: 0
2026-06-01 11:41:57.094: [INFO] BookmarkNodeAdded, ABU: 0
2026-06-01 11:41:57.095: [INFO] BookmarkNodeAdded, ABU: 0
2026-06-01 11:41:57.095: [INFO] BookmarkNodeAdded, ABU: 0
2026-06-01 11:41:57.095: [INFO] BookmarkNodeAdded, ABU: 0
2026-06-01 11:41:57.095: [INFO] BookmarkNodeAdded, ABU: 0
2026-06-01 11:41:57.095: [INFO] BookmarkNodeAdded, ABU: 0
2026-06-01 11:41:57.096: [INFO] BookmarkNodeAdded, ABU: 0
2026-06-01 11:41:57.096: [INFO] BookmarkNodeAdded, ABU: 0
2026-06-01 11:41:57.096: [INFO] BookmarkNodeAdded, ABU: 0
2026-06-01 11:41:57.096: [INFO] BookmarkNodeAdded, ABU: 0
2026-06-01 11:41:57.097: [INFO] BookmarkNodeAdded, ABU: 0
2026-06-01 11:41:57.097: [INFO] BookmarkNodeAdded, ABU: 0
2026-06-01 11:41:57.097: [INFO] BookmarkNodeAdded, ABU: 0
2026-06-01 11:41:57.098: [INFO] BookmarkNodeAdded, ABU: 0
2026-06-01 11:41:57.098: [INFO] BookmarkNodeAdded, ABU: 0
2026-06-01 11:41:57.098: [INFO] BookmarkNodeAdded, ABU: 0
2026-06-01 11:41:57.098: [INFO] BookmarkNodeAdded, ABU: 0
2026-06-01 11:41:57.098: [INFO] BookmarkNodeAdded, ABU: 0
2026-06-01 11:41:57.099: [INFO] BookmarkNodeAdded, ABU: 0
2026-06-01 11:41:57.099: [INFO] BookmarkNodeAdded, ABU: 0
2026-06-01 11:41:57.099: [INFO] BookmarkNodeAdded, ABU: 0
2026-06-01 11:41:57.100: [INFO] BookmarkNodeAdded, ABU: 0
2026-06-01 11:41:57.100: [INFO] BookmarkNodeAdded, ABU: 0
2026-06-01 11:41:57.100: [INFO] BookmarkNodeAdded, ABU: 0
2026-06-01 11:41:57.100: [INFO] BookmarkNodeAdded, ABU: 0
2026-06-01 11:41:57.101: [INFO] BookmarkNodeAdded, ABU: 0
2026-06-01 11:41:57.101: [INFO] BookmarkNodeAdded, ABU: 0
2026-06-01 11:41:57.101: [INFO] BookmarkNodeAdded, ABU: 0
2026-06-01 11:41:57.101: [INFO] BookmarkNodeAdded, ABU: 0
2026-06-01 11:41:57.102: [INFO] BookmarkNodeAdded, ABU: 0
2026-06-01 11:41:57.102: [INFO] BookmarkNodeAdded, ABU: 0
2026-06-01 11:41:57.102: [INFO] BookmarkNodeAdded, ABU: 0
2026-06-01 11:41:57.102: [INFO] BookmarkNodeAdded, ABU: 0
2026-06-01 11:41:57.103: [INFO] BookmarkNodeAdded, ABU: 0
2026-06-01 11:41:57.103: [INFO] BookmarkNodeAdded, ABU: 0
2026-06-01 11:41:57.103: [INFO] BookmarkNodeAdded, ABU: 0
2026-06-01 11:41:57.103: [INFO] BookmarkNodeAdded, ABU: 0
2026-06-01 11:41:57.104: [INFO] BookmarkNodeAdded, ABU: 0
2026-06-01 11:41:57.104: [INFO] BookmarkNodeAdded, ABU: 0
2026-06-01 11:41:57.104: [INFO] BookmarkNodeAdded, ABU: 0
2026-06-01 11:41:57.104: [INFO] BookmarkNodeAdded, ABU: 0
2026-06-01 11:41:57.105: [INFO] BookmarkNodeAdded, ABU: 0
2026-06-01 11:41:57.105: [INFO] BookmarkNodeAdded, ABU: 0
2026-06-01 11:41:57.105: [INFO] BookmarkNodeAdded, ABU: 0
2026-06-01 11:41:57.105: [INFO] BookmarkNodeAdded, ABU: 0
2026-06-01 11:41:57.106: [INFO] BookmarkNodeAdded, ABU: 0
2026-06-01 11:41:57.106: [INFO] BookmarkNodeAdded, ABU: 0
2026-06-01 11:41:57.106: [INFO] BookmarkNodeAdded, ABU: 0
2026-06-01 11:41:57.106: [INFO] BookmarkNodeAdded, ABU: 0
2026-06-01 11:41:57.106: [INFO] BookmarkNodeAdded, ABU: 0
2026-06-01 11:41:57.107: [INFO] BookmarkNodeAdded, ABU: 0
2026-06-01 11:41:57.107: [INFO] BookmarkNodeAdded, ABU: 0
2026-06-01 11:41:57.107: [INFO] BookmarkNodeAdded, ABU: 0
2026-06-01 11:41:57.107: [INFO] BookmarkNodeAdded, ABU: 0
2026-06-01 11:41:57.108: [INFO] BookmarkNodeAdded, ABU: 0
2026-06-01 11:41:57.108: [INFO] BookmarkNodeAdded, ABU: 0
2026-06-01 11:41:57.108: [INFO] BookmarkNodeAdded, ABU: 0
2026-06-01 11:41:57.108: [INFO] BookmarkNodeAdded, ABU: 0
2026-06-01 11:41:57.109: [INFO] BookmarkNodeAdded, ABU: 0
2026-06-01 11:41:57.109: [INFO] BookmarkNodeAdded, ABU: 0
2026-06-01 11:41:57.109: [INFO] BookmarkNodeAdded, ABU: 0
2026-06-01 11:41:57.109: [INFO] BookmarkNodeAdded, ABU: 0
2026-06-01 11:41:57.110: [INFO] BookmarkNodeAdded, ABU: 0
2026-06-01 11:41:57.110: [INFO] BookmarkNodeAdded, ABU: 0
2026-06-01 11:41:57.110: [INFO] BookmarkNodeAdded, ABU: 0
2026-06-01 11:41:57.110: [INFO] BookmarkNodeAdded, ABU: 0
2026-06-01 11:41:57.111: [INFO] BookmarkNodeAdded, ABU: 0
2026-06-01 11:41:57.111: [INFO] BookmarkNodeAdded, ABU: 0
2026-06-01 11:41:57.111: [INFO] BookmarkNodeAdded, ABU: 0
2026-06-01 11:41:57.111: [INFO] BookmarkNodeAdded, ABU: 0
2026-06-01 11:41:57.112: [INFO] BookmarkNodeAdded, ABU: 0
2026-06-01 11:41:57.112: [INFO] BookmarkNodeAdded, ABU: 0
2026-06-01 11:41:57.112: [INFO] BookmarkNodeAdded, ABU: 0
2026-06-01 11:41:57.113: [INFO] BookmarkNodeAdded, ABU: 0
2026-06-01 11:41:57.113: [INFO] BookmarkNodeAdded, ABU: 0
2026-06-01 11:41:57.113: [INFO] BookmarkNodeAdded, ABU: 0
2026-06-01 11:41:57.114: [INFO] BookmarkNodeAdded, ABU: 0
2026-06-01 11:41:57.114: [INFO] BookmarkNodeAdded, ABU: 0
2026-06-01 11:41:57.114: [INFO] BookmarkNodeAdded, ABU: 0
2026-06-01 11:41:57.115: [INFO] BookmarkNodeAdded, ABU: 0
2026-06-01 11:41:57.115: [INFO] BookmarkNodeAdded, ABU: 0
2026-06-01 11:41:57.115: [INFO] BookmarkNodeAdded, ABU: 0
2026-06-01 11:41:57.115: [INFO] BookmarkNodeAdded, ABU: 0
2026-06-01 11:41:57.116: [INFO] BookmarkNodeAdded, ABU: 0
2026-06-01 11:41:57.116: [INFO] BookmarkNodeAdded, ABU: 0
2026-06-01 11:41:57.116: [INFO] BookmarkNodeAdded, ABU: 0
2026-06-01 11:41:57.117: [INFO] BookmarkNodeAdded, ABU: 0
2026-06-01 11:41:57.117: [INFO] BookmarkNodeAdded, ABU: 0
2026-06-01 11:41:57.117: [INFO] BookmarkNodeAdded, ABU: 0
2026-06-01 11:41:57.117: [INFO] BookmarkNodeAdded, ABU: 0
2026-06-01 11:41:57.118: [INFO] BookmarkNodeAdded, ABU: 0
2026-06-01 11:41:57.118: [INFO] BookmarkNodeAdded, ABU: 0
2026-06-01 11:41:57.118: [INFO] BookmarkNodeAdded, ABU: 0
2026-06-01 11:41:57.118: [INFO] BookmarkNodeAdded, ABU: 0
2026-06-01 11:41:57.119: [INFO] BookmarkNodeAdded, ABU: 0
2026-06-01 11:41:57.119: [INFO] BookmarkNodeAdded, ABU: 0
2026-06-01 11:41:57.119: [INFO] BookmarkNodeAdded, ABU: 0
2026-06-01 11:41:57.119: [INFO] BookmarkNodeAdded, ABU: 0
2026-06-01 11:41:57.120: [INFO] BookmarkNodeAdded, ABU: 0
2026-06-01 11:41:57.120: [INFO] BookmarkNodeAdded, ABU: 0
2026-06-01 11:41:57.120: [INFO] BookmarkNodeAdded, ABU: 0
2026-06-01 11:41:57.120: [INFO] BookmarkNodeAdded, ABU: 0
2026-06-01 11:41:57.121: [INFO] BookmarkNodeAdded, ABU: 0
2026-06-01 11:41:57.121: [INFO] BookmarkNodeAdded, ABU: 0
2026-06-01 11:41:57.121: [INFO] BookmarkNodeAdded, ABU: 0
2026-06-01 11:41:57.121: [INFO] BookmarkNodeAdded, ABU: 0
2026-06-01 11:41:57.121: [INFO] BookmarkNodeAdded, ABU: 0
2026-06-01 11:41:57.122: [INFO] BookmarkNodeAdded, ABU: 0
2026-06-01 11:41:57.122: [INFO] BookmarkNodeAdded, ABU: 0
2026-06-01 11:41:57.122: [INFO] BookmarkNodeAdded, ABU: 0
2026-06-01 11:41:57.122: [INFO] BookmarkNodeAdded, ABU: 0
2026-06-01 11:41:57.123: [INFO] BookmarkNodeAdded, ABU: 0
2026-06-01 11:41:57.123: [INFO] BookmarkNodeAdded, ABU: 0
2026-06-01 11:41:57.123: [INFO] BookmarkNodeAdded, ABU: 0
2026-06-01 11:41:57.123: [INFO] BookmarkNodeAdded, ABU: 0
2026-06-01 11:41:57.124: [INFO] BookmarkNodeAdded, ABU: 0
2026-06-01 11:41:57.124: [INFO] BookmarkNodeAdded, ABU: 0
2026-06-01 11:41:57.124: [INFO] BookmarkNodeAdded, ABU: 0
2026-06-01 11:41:57.124: [INFO] BookmarkNodeAdded, ABU: 0
2026-06-01 11:41:57.125: [INFO] BookmarkNodeAdded, ABU: 0
2026-06-01 11:41:57.125: [INFO] BookmarkNodeAdded, ABU: 0
2026-06-01 11:41:57.125: [INFO] BookmarkNodeAdded, ABU: 0
2026-06-01 11:41:57.125: [INFO] BookmarkNodeAdded, ABU: 0
2026-06-01 11:41:57.125: [INFO] BookmarkNodeAdded, ABU: 0
2026-06-01 11:41:57.126: [INFO] BookmarkNodeAdded, ABU: 0
2026-06-01 11:41:57.126: [INFO] BookmarkNodeAdded, ABU: 0
2026-06-01 11:41:57.126: [INFO] BookmarkNodeAdded, ABU: 0
2026-06-01 11:41:57.126: [INFO] BookmarkNodeAdded, ABU: 0
2026-06-01 11:41:57.127: [INFO] BookmarkNodeAdded, ABU: 0
2026-06-01 11:41:57.127: [INFO] BookmarkNodeAdded, ABU: 0
2026-06-01 11:41:57.127: [INFO] BookmarkNodeAdded, ABU: 0
2026-06-01 11:41:57.127: [INFO] BookmarkNodeAdded, ABU: 0
2026-06-01 11:41:57.127: [INFO] BookmarkNodeAdded, ABU: 0
2026-06-01 11:41:57.128: [INFO] BookmarkNodeAdded, ABU: 0
2026-06-01 11:41:57.128: [INFO] BookmarkNodeAdded, ABU: 0
2026-06-01 11:41:57.128: [INFO] BookmarkNodeAdded, ABU: 0
2026-06-01 11:41:57.129: [INFO] BookmarkNodeAdded, ABU: 0
2026-06-01 11:41:57.129: [INFO] BookmarkNodeAdded, ABU: 0
2026-06-01 11:41:57.129: [INFO] BookmarkNodeAdded, ABU: 0
2026-06-01 11:41:57.129: [INFO] BookmarkNodeAdded, ABU: 0
2026-06-01 11:41:57.130: [INFO] BookmarkNodeAdded, ABU: 0
2026-06-01 11:41:57.130: [INFO] BookmarkNodeAdded, ABU: 0
2026-06-01 11:41:57.130: [INFO] BookmarkNodeAdded, ABU: 0
2026-06-01 11:41:57.131: [INFO] BookmarkNodeAdded, ABU: 0
2026-06-01 11:41:57.131: [INFO] BookmarkNodeAdded, ABU: 0
2026-06-01 11:41:57.131: [INFO] BookmarkNodeAdded, ABU: 0
2026-06-01 11:41:57.131: [INFO] BookmarkNodeAdded, ABU: 0
2026-06-01 11:41:57.131: [INFO] BookmarkNodeAdded, ABU: 0
2026-06-01 11:41:57.132: [INFO] BookmarkNodeAdded, ABU: 0
2026-06-01 11:41:57.132: [INFO] BookmarkNodeAdded, ABU: 0
2026-06-01 11:41:57.132: [INFO] BookmarkNodeAdded, ABU: 0
2026-06-01 11:41:57.132: [INFO] BookmarkNodeAdded, ABU: 0
2026-06-01 11:41:57.133: [INFO] BookmarkNodeAdded, ABU: 0
2026-06-01 11:41:57.133: [INFO] BookmarkNodeAdded, ABU: 0
2026-06-01 11:41:57.133: [INFO] BookmarkNodeAdded, ABU: 0
2026-06-01 11:41:57.133: [INFO] BookmarkNodeAdded, ABU: 0
2026-06-01 11:41:57.134: [INFO] BookmarkNodeAdded, ABU: 0
2026-06-01 11:41:57.134: [INFO] BookmarkNodeAdded, ABU: 0
2026-06-01 11:41:57.134: [INFO] BookmarkNodeAdded, ABU: 0
2026-06-01 11:41:57.134: [INFO] BookmarkNodeAdded, ABU: 0
2026-06-01 11:41:57.135: [INFO] BookmarkNodeAdded, ABU: 0
2026-06-01 11:41:57.135: [INFO] BookmarkNodeAdded, ABU: 0
2026-06-01 11:41:57.135: [INFO] BookmarkNodeAdded, ABU: 0
2026-06-01 11:41:57.135: [INFO] BookmarkNodeAdded, ABU: 0
2026-06-01 11:41:57.136: [INFO] BookmarkNodeAdded, ABU: 0
2026-06-01 11:41:57.136: [INFO] BookmarkNodeAdded, ABU: 0
2026-06-01 11:41:57.136: [INFO] BookmarkNodeAdded, ABU: 0
2026-06-01 11:41:57.136: [INFO] BookmarkNodeAdded, ABU: 0
2026-06-01 11:41:57.137: [INFO] BookmarkNodeAdded, ABU: 0
2026-06-01 11:41:57.137: [INFO] BookmarkNodeAdded, ABU: 0
2026-06-01 11:41:57.137: [INFO] BookmarkNodeAdded, ABU: 0
2026-06-01 11:41:57.137: [INFO] BookmarkNodeAdded, ABU: 0
2026-06-01 11:41:57.138: [INFO] BookmarkNodeAdded, ABU: 0
2026-06-01 11:41:57.138: [INFO] BookmarkNodeAdded, ABU: 0
2026-06-01 11:41:57.138: [INFO] BookmarkNodeAdded, ABU: 0
2026-06-01 11:41:57.138: [INFO] BookmarkNodeAdded, ABU: 0
2026-06-01 11:41:57.138: [INFO] BookmarkNodeAdded, ABU: 0
2026-06-01 11:41:57.139: [INFO] BookmarkNodeAdded, ABU: 0
2026-06-01 11:41:57.139: [INFO] BookmarkNodeAdded, ABU: 0
2026-06-01 11:41:57.139: [INFO] BookmarkNodeAdded, ABU: 0
2026-06-01 11:41:57.139: [INFO] BookmarkNodeAdded, ABU: 0
2026-06-01 11:41:57.140: [INFO] BookmarkNodeAdded, ABU: 0
2026-06-01 11:41:57.140: [INFO] BookmarkNodeAdded, ABU: 0
2026-06-01 11:41:57.140: [INFO] BookmarkNodeAdded, ABU: 0
2026-06-01 11:41:57.140: [INFO] BookmarkNodeAdded, ABU: 0
2026-06-01 11:41:57.141: [INFO] BookmarkNodeAdded, ABU: 0
2026-06-01 11:41:57.141: [INFO] BookmarkNodeAdded, ABU: 0
2026-06-01 11:41:57.141: [INFO] BookmarkNodeAdded, ABU: 0
2026-06-01 11:41:57.141: [INFO] BookmarkNodeAdded, ABU: 0
2026-06-01 11:41:57.142: [INFO] BookmarkNodeAdded, ABU: 0
2026-06-01 11:41:57.142: [INFO] BookmarkNodeAdded, ABU: 0
2026-06-01 11:41:57.142: [INFO] BookmarkNodeAdded, ABU: 0
2026-06-01 11:41:57.142: [INFO] BookmarkNodeAdded, ABU: 0
2026-06-01 11:41:57.143: [INFO] BookmarkNodeAdded, ABU: 0
2026-06-01 11:41:57.143: [INFO] BookmarkNodeAdded, ABU: 0
2026-06-01 11:41:57.143: [INFO] BookmarkNodeAdded, ABU: 0
2026-06-01 11:41:57.144: [INFO] BookmarkNodeAdded, ABU: 0
2026-06-01 11:41:57.144: [INFO] BookmarkNodeAdded, ABU: 0
2026-06-01 11:41:57.144: [INFO] BookmarkNodeAdded, ABU: 0
2026-06-01 11:41:57.144: [INFO] BookmarkNodeAdded, ABU: 0
2026-06-01 11:41:57.145: [INFO] BookmarkNodeAdded, ABU: 0
2026-06-01 11:41:57.145: [INFO] BookmarkNodeAdded, ABU: 0
2026-06-01 11:41:57.145: [INFO] BookmarkNodeAdded, ABU: 0
2026-06-01 11:41:57.145: [INFO] BookmarkNodeAdded, ABU: 0
2026-06-01 11:41:57.146: [INFO] BookmarkNodeAdded, ABU: 0
2026-06-01 11:41:57.146: [INFO] BookmarkNodeAdded, ABU: 0
2026-06-01 11:41:57.147: [INFO] BookmarkNodeAdded, ABU: 0
2026-06-01 11:41:57.147: [INFO] BookmarkNodeAdded, ABU: 0
2026-06-01 11:41:57.147: [INFO] BookmarkNodeAdded, ABU: 0
2026-06-01 11:41:57.147: [INFO] BookmarkNodeAdded, ABU: 0
2026-06-01 11:41:57.148: [INFO] BookmarkNodeAdded, ABU: 0
2026-06-01 11:41:57.148: [INFO] BookmarkNodeAdded, ABU: 0
2026-06-01 11:41:57.148: [INFO] BookmarkNodeAdded, ABU: 0
2026-06-01 11:41:57.148: [INFO] BookmarkNodeAdded, ABU: 0
2026-06-01 11:41:57.149: [INFO] BookmarkNodeAdded, ABU: 0
2026-06-01 11:41:57.149: [INFO] BookmarkNodeAdded, ABU: 0
2026-06-01 11:41:57.149: [INFO] BookmarkNodeAdded, ABU: 0
2026-06-01 11:41:57.149: [INFO] BookmarkNodeAdded, ABU: 0
2026-06-01 11:41:57.150: [INFO] BookmarkNodeAdded, ABU: 0
2026-06-01 11:41:57.150: [INFO] BookmarkNodeAdded, ABU: 0
2026-06-01 11:41:57.150: [INFO] BookmarkNodeAdded, ABU: 0
2026-06-01 11:41:57.151: [INFO] BookmarkNodeAdded, ABU: 0
2026-06-01 11:41:57.151: [INFO] BookmarkNodeAdded, ABU: 0
2026-06-01 11:41:57.151: [INFO] BookmarkNodeAdded, ABU: 0
2026-06-01 11:41:57.151: [INFO] BookmarkNodeAdded, ABU: 0
2026-06-01 11:41:57.152: [INFO] BookmarkNodeAdded, ABU: 0
2026-06-01 11:41:57.152: [INFO] BookmarkNodeAdded, ABU: 0
2026-06-01 11:41:57.152: [INFO] BookmarkNodeAdded, ABU: 0
2026-06-01 11:41:57.152: [INFO] BookmarkNodeAdded, ABU: 0
2026-06-01 11:41:57.153: [INFO] BookmarkNodeAdded, ABU: 0
2026-06-01 11:41:57.153: [INFO] BookmarkNodeAdded, ABU: 0
2026-06-01 11:41:57.153: [INFO] BookmarkNodeAdded, ABU: 0
2026-06-01 11:41:57.153: [INFO] BookmarkNodeAdded, ABU: 0
2026-06-01 11:41:57.154: [INFO] BookmarkNodeAdded, ABU: 0
2026-06-01 11:41:57.154: [INFO] BookmarkNodeAdded, ABU: 0
2026-06-01 11:41:57.154: [INFO] BookmarkNodeAdded, ABU: 0
2026-06-01 11:41:57.154: [INFO] BookmarkNodeAdded, ABU: 0
2026-06-01 11:41:57.155: [INFO] BookmarkNodeAdded, ABU: 0
2026-06-01 11:41:57.155: [INFO] BookmarkNodeAdded, ABU: 0
2026-06-01 11:41:57.155: [INFO] BookmarkNodeAdded, ABU: 0
2026-06-01 11:41:57.155: [INFO] BookmarkNodeAdded, ABU: 0
2026-06-01 11:41:57.156: [INFO] BookmarkNodeAdded, ABU: 0
2026-06-01 11:41:57.156: [INFO] BookmarkNodeAdded, ABU: 0
2026-06-01 11:41:57.156: [INFO] BookmarkNodeAdded, ABU: 0
2026-06-01 11:41:57.156: [INFO] BookmarkNodeAdded, ABU: 0
2026-06-01 11:41:57.157: [INFO] BookmarkNodeAdded, ABU: 0
2026-06-01 11:41:57.157: [INFO] BookmarkNodeAdded, ABU: 0
2026-06-01 11:41:57.157: [INFO] BookmarkNodeAdded, ABU: 0
2026-06-01 11:41:57.157: [INFO] BookmarkNodeAdded, ABU: 0
2026-06-01 11:41:57.158: [INFO] BookmarkNodeAdded, ABU: 0
2026-06-01 11:41:57.158: [INFO] BookmarkNodeAdded, ABU: 0
2026-06-01 11:41:57.158: [INFO] BookmarkNodeAdded, ABU: 0
2026-06-01 11:41:57.158: [INFO] BookmarkNodeAdded, ABU: 0
2026-06-01 11:41:57.159: [INFO] BookmarkNodeAdded, ABU: 0
2026-06-01 11:41:57.159: [INFO] BookmarkNodeAdded, ABU: 0
2026-06-01 11:41:57.159: [INFO] BookmarkNodeAdded, ABU: 0
2026-06-01 11:41:57.159: [INFO] BookmarkNodeAdded, ABU: 0
2026-06-01 11:41:57.160: [INFO] BookmarkNodeAdded, ABU: 0
2026-06-01 11:41:57.160: [INFO] BookmarkNodeAdded, ABU: 0
2026-06-01 11:41:57.160: [INFO] BookmarkNodeAdded, ABU: 0
2026-06-01 11:41:57.161: [INFO] BookmarkNodeAdded, ABU: 0
2026-06-01 11:41:57.161: [INFO] BookmarkNodeAdded, ABU: 0
2026-06-01 11:41:57.161: [INFO] BookmarkNodeAdded, ABU: 0
2026-06-01 11:41:57.161: [INFO] BookmarkNodeAdded, ABU: 0
2026-06-01 11:41:57.161: [INFO] BookmarkNodeAdded, ABU: 0
2026-06-01 11:41:57.162: [INFO] BookmarkNodeAdded, ABU: 0
2026-06-01 11:41:57.162: [INFO] BookmarkNodeAdded, ABU: 0
2026-06-01 11:41:57.162: [INFO] BookmarkNodeAdded, ABU: 0
2026-06-01 11:41:57.163: [INFO] BookmarkNodeAdded, ABU: 0
2026-06-01 11:41:57.163: [INFO] BookmarkNodeAdded, ABU: 0
2026-06-01 11:41:57.163: [INFO] BookmarkNodeAdded, ABU: 0
2026-06-01 11:41:57.163: [INFO] BookmarkNodeAdded, ABU: 0
2026-06-01 11:41:57.164: [INFO] BookmarkNodeAdded, ABU: 0
2026-06-01 11:41:57.164: [INFO] BookmarkNodeAdded, ABU: 0
2026-06-01 11:41:57.164: [INFO] BookmarkNodeAdded, ABU: 0
2026-06-01 11:41:57.164: [INFO] BookmarkNodeAdded, ABU: 0
2026-06-01 11:41:57.165: [INFO] BookmarkNodeAdded, ABU: 0
2026-06-01 11:41:57.165: [INFO] BookmarkNodeAdded, ABU: 0
2026-06-01 11:41:57.165: [INFO] BookmarkNodeAdded, ABU: 0
2026-06-01 11:41:57.165: [INFO] BookmarkNodeAdded, ABU: 0
2026-06-01 11:41:57.166: [INFO] BookmarkNodeAdded, ABU: 0
2026-06-01 11:41:57.166: [INFO] BookmarkNodeAdded, ABU: 0
2026-06-01 11:41:57.166: [INFO] BookmarkNodeAdded, ABU: 0
2026-06-01 11:41:57.166: [INFO] BookmarkNodeAdded, ABU: 0
2026-06-01 11:41:57.166: [INFO] BookmarkNodeAdded, ABU: 0
2026-06-01 11:41:57.167: [INFO] BookmarkNodeAdded, ABU: 0
2026-06-01 11:41:57.167: [INFO] BookmarkNodeAdded, ABU: 0
2026-06-01 11:41:57.167: [INFO] BookmarkNodeAdded, ABU: 0
2026-06-01 11:41:57.167: [INFO] BookmarkNodeAdded, ABU: 0
2026-06-01 11:41:57.168: [INFO] BookmarkNodeAdded, ABU: 0
2026-06-01 11:41:57.168: [INFO] BookmarkNodeAdded, ABU: 0
2026-06-01 11:41:57.168: [INFO] BookmarkNodeAdded, ABU: 0
2026-06-01 11:41:57.168: [INFO] BookmarkNodeAdded, ABU: 0
2026-06-01 11:41:57.168: [INFO] BookmarkNodeAdded, ABU: 0
2026-06-01 11:41:57.169: [INFO] BookmarkNodeAdded, ABU: 0
2026-06-01 11:41:57.169: [INFO] BookmarkNodeAdded, ABU: 0
2026-06-01 11:41:57.169: [INFO] BookmarkNodeAdded, ABU: 0
2026-06-01 11:41:57.169: [INFO] BookmarkNodeAdded, ABU: 0
2026-06-01 11:41:57.170: [INFO] BookmarkNodeAdded, ABU: 0
2026-06-01 11:41:57.170: [INFO] BookmarkNodeAdded, ABU: 0
2026-06-01 11:41:57.170: [INFO] BookmarkNodeAdded, ABU: 0
2026-06-01 11:41:57.171: [INFO] BookmarkNodeAdded, ABU: 0
2026-06-01 11:41:57.171: [INFO] BookmarkNodeAdded, ABU: 0
2026-06-01 11:41:57.171: [INFO] BookmarkNodeAdded, ABU: 0
2026-06-01 11:41:57.171: [INFO] BookmarkNodeAdded, ABU: 0
2026-06-01 11:41:57.171: [INFO] BookmarkNodeAdded, ABU: 0
2026-06-01 11:41:57.172: [INFO] BookmarkNodeAdded, ABU: 0
2026-06-01 11:41:57.172: [INFO] BookmarkNodeAdded, ABU: 0
2026-06-01 11:41:57.172: [INFO] BookmarkNodeAdded, ABU: 0
2026-06-01 11:41:57.172: [INFO] BookmarkNodeAdded, ABU: 0
2026-06-01 11:41:57.173: [INFO] BookmarkNodeAdded, ABU: 0
2026-06-01 11:41:57.173: [INFO] BookmarkNodeAdded, ABU: 0
2026-06-01 11:41:57.173: [INFO] BookmarkNodeAdded, ABU: 0
2026-06-01 11:41:57.173: [INFO] BookmarkNodeAdded, ABU: 0
2026-06-01 11:41:57.174: [INFO] BookmarkNodeAdded, ABU: 0
2026-06-01 11:41:57.174: [INFO] BookmarkNodeAdded, ABU: 0
2026-06-01 11:41:57.174: [INFO] BookmarkNodeAdded, ABU: 0
2026-06-01 11:41:57.174: [INFO] BookmarkNodeAdded, ABU: 0
2026-06-01 11:41:57.175: [INFO] BookmarkNodeAdded, ABU: 0
2026-06-01 11:41:57.175: [INFO] BookmarkNodeAdded, ABU: 0
2026-06-01 11:41:57.175: [INFO] BookmarkNodeAdded, ABU: 0
2026-06-01 11:41:57.176: [INFO] BookmarkNodeAdded, ABU: 0
2026-06-01 11:41:57.176: [INFO] BookmarkNodeAdded, ABU: 0
2026-06-01 11:41:57.176: [INFO] BookmarkNodeAdded, ABU: 0
2026-06-01 11:41:57.176: [INFO] BookmarkNodeAdded, ABU: 0
2026-06-01 11:41:57.177: [INFO] BookmarkNodeAdded, ABU: 0
2026-06-01 11:41:57.177: [INFO] BookmarkNodeAdded, ABU: 0
2026-06-01 11:41:57.177: [INFO] BookmarkNodeAdded, ABU: 0
2026-06-01 11:41:57.177: [INFO] BookmarkNodeAdded, ABU: 0
2026-06-01 11:41:57.177: [INFO] BookmarkNodeAdded, ABU: 0
2026-06-01 11:41:57.178: [INFO] BookmarkNodeAdded, ABU: 0
2026-06-01 11:41:57.178: [INFO] BookmarkNodeAdded, ABU: 0
2026-06-01 11:41:57.178: [INFO] BookmarkNodeAdded, ABU: 0
2026-06-01 11:41:57.178: [INFO] BookmarkNodeAdded, ABU: 0
2026-06-01 11:41:57.179: [INFO] BookmarkNodeAdded, ABU: 0
2026-06-01 11:41:57.179: [INFO] BookmarkNodeAdded, ABU: 0
2026-06-01 11:41:57.179: [INFO] BookmarkNodeAdded, ABU: 0
2026-06-01 11:41:57.180: [INFO] BookmarkNodeAdded, ABU: 0
2026-06-01 11:41:57.180: [INFO] BookmarkNodeAdded, ABU: 0
2026-06-01 11:41:57.180: [INFO] BookmarkNodeAdded, ABU: 0
2026-06-01 11:41:57.180: [INFO] BookmarkNodeAdded, ABU: 0
2026-06-01 11:41:57.180: [INFO] BookmarkNodeAdded, ABU: 0
2026-06-01 11:41:57.181: [INFO] BookmarkNodeAdded, ABU: 0
2026-06-01 11:41:57.181: [INFO] BookmarkNodeAdded, ABU: 0
2026-06-01 11:41:57.181: [INFO] BookmarkNodeAdded, ABU: 0
2026-06-01 11:41:57.181: [INFO] BookmarkNodeAdded, ABU: 0
2026-06-01 11:41:57.182: [INFO] BookmarkNodeAdded, ABU: 0
2026-06-01 11:41:57.182: [INFO] BookmarkNodeAdded, ABU: 0
2026-06-01 11:41:57.182: [INFO] BookmarkNodeAdded, ABU: 0
2026-06-01 11:41:57.182: [INFO] BookmarkNodeAdded, ABU: 0
2026-06-01 11:41:57.183: [INFO] BookmarkNodeAdded, ABU: 0
2026-06-01 11:41:57.183: [INFO] BookmarkNodeAdded, ABU: 0
2026-06-01 11:41:57.183: [INFO] BookmarkNodeAdded, ABU: 0
2026-06-01 11:41:57.183: [INFO] BookmarkNodeAdded, ABU: 0
2026-06-01 11:41:57.184: [INFO] BookmarkNodeAdded, ABU: 0
2026-06-01 11:41:57.184: [INFO] BookmarkNodeAdded, ABU: 0
2026-06-01 11:41:57.184: [INFO] BookmarkNodeAdded, ABU: 0
2026-06-01 11:41:57.184: [INFO] BookmarkNodeAdded, ABU: 0
2026-06-01 11:41:57.184: [INFO] BookmarkNodeAdded, ABU: 0
2026-06-01 11:41:57.185: [INFO] BookmarkNodeAdded, ABU: 0
2026-06-01 11:41:57.185: [INFO] BookmarkNodeAdded, ABU: 0
