{"logTime": "0601/114148", "correlationVector":"/AcNYh8mIgomTz3XQ7RRlA.1","action":"SyncServerConnectionManagerRequest", "result":"SYNC_SERVER_OK", "context":{"environment":"Prod_southeastasia_prod-s01-065-apac-southeastasia", "migrationStage":"NotStarted", "server":"akswtt00100000q"}}
{"logTime": "0601/114148", "correlationVector":"/AcNYh8mIgomTz3XQ7RRlA.2","action":"ProcessGetUpdates", "result":"Done", "context":{"dataType":"Encryption Keys", "deleted":"0", "process_failed_to_decrypt":"0", "process_pending_decryption":"0", "process_success":"1", "total":"1"}}
{"logTime": "0601/114150", "correlationVector":"nsWzYPdsN+9QRIX+F9ZS6W","action":"SyncServerConnectionManagerRequest", "result":"SYNC_SERVER_ERROR", "context":{"environment":"", "error_type":"http_status_code", "error_value":"400", "migrationStage":"", "server":""}}
{"logTime": "0601/114150", "correlationVector":"/AcNYh8mIgomTz3XQ7RRlA","action":"Initial GetUpdates", "result":"", "context":Reason: NEW_CLIENT. cV=/AcNYh8mIgomTz3XQ7RRlA}
{"logTime": "0601/114150", "correlationVector":"/AcNYh8mIgomTz3XQ7RRlA.3","action":"GetUpdates Response", "result":"Success", "context":Received 1 update(s). cV=/AcNYh8mIgomTz3XQ7RRlA.0;server=akswtt00100000q;cloudType=Consumer;environment=Prod_southeastasia_prod-s01-065-apac-southeastasia;migrationStage=NotStarted}
{"logTime": "0601/114150", "correlationVector":"KI0kZpckuSOxolL0ClImlW","action":"Initial GetUpdates", "result":"", "context":Reason: NEW_CLIENT. cV=KI0kZpckuSOxolL0ClImlW}
{"logTime": "0601/114151", "correlationVector":"KI0kZpckuSOxolL0ClImlW.1","action":"SyncServerConnectionManagerRequest", "result":"SYNC_SERVER_OK", "context":{"environment":"Prod_southeastasia_prod-s01-064-apac-southeastasia", "migrationStage":"NotStarted", "server":"akswtt001000001"}}
{"logTime": "0601/114151", "correlationVector":"KI0kZpckuSOxolL0ClImlW.2","action":"ProcessGetUpdates", "result":"Done", "context":{"dataType":"Preferences", "deleted":"0", "process_failed_to_decrypt":"0", "process_pending_decryption":"0", "process_success":"118", "total":"118"}}
{"logTime": "0601/114151", "correlationVector":"KI0kZpckuSOxolL0ClImlW.3","action":"ProcessGetUpdates", "result":"Done", "context":{"dataType":"Device Info", "deleted":"0", "process_failed_to_decrypt":"0", "process_pending_decryption":"0", "process_success":"11", "total":"11"}}
{"logTime": "0601/114151", "correlationVector":"KI0kZpckuSOxolL0ClImlW.4","action":"GetUpdates Response", "result":"Success", "context":Received 129 update(s). cV=KI0kZpckuSOxolL0ClImlW.0;server=akswtt001000001;cloudType=Consumer;environment=Prod_southeastasia_prod-s01-064-apac-southeastasia;migrationStage=NotStarted}
{"logTime": "0601/114151", "correlationVector":"Ip+6tyq6IiJ1rRWnlH1Suj","action":"SyncServerConnectionManagerRequest", "result":"SYNC_SERVER_ERROR", "context":{"environment":"", "error_type":"http_status_code", "error_value":"400", "migrationStage":"", "server":""}}
{"logTime": "0601/114151", "correlationVector":"yv5arFAKbpQjnz6drV/u/R","action":"Initial GetUpdates", "result":"", "context":Reason: NEW_CLIENT. cV=yv5arFAKbpQjnz6drV/u/R}
{"logTime": "0601/114153", "correlationVector":"yv5arFAKbpQjnz6drV/u/R.1","action":"SyncServerConnectionManagerRequest", "result":"SYNC_SERVER_OK", "context":{"environment":"Prod_southeastasia_prod-s01-064-apac-southeastasia", "migrationStage":"NotStarted", "server":"akswtt00100000s"}}
{"logTime": "0601/114153", "correlationVector":"yv5arFAKbpQjnz6drV/u/R.2","action":"ProcessGetUpdates", "result":"Done", "context":{"dataType":"Bookmarks", "deleted":"0", "process_failed_to_decrypt":"0", "process_pending_decryption":"0", "process_success":"249", "total":"249"}}
{"logTime": "0601/114153", "correlationVector":"yv5arFAKbpQjnz6drV/u/R.3","action":"GetUpdates Response", "result":"Success", "context":Received 249 update(s). cV=yv5arFAKbpQjnz6drV/u/R.0;server=akswtt00100000s;cloudType=Consumer;environment=Prod_southeastasia_prod-s01-064-apac-southeastasia;migrationStage=NotStarted Some updates remain.}
{"logTime": "0601/114153", "correlationVector":"lwlvgQ8U7IWZGCSjXQcX8S","action":"Initial GetUpdates", "result":"", "context":Reason: NEW_CLIENT. cV=lwlvgQ8U7IWZGCSjXQcX8S}
{"logTime": "0601/114154", "correlationVector":"lwlvgQ8U7IWZGCSjXQcX8S.1","action":"SyncServerConnectionManagerRequest", "result":"SYNC_SERVER_OK", "context":{"environment":"Prod_southeastasia_prod-s01-064-apac-southeastasia", "migrationStage":"NotStarted", "server":"akswtt001000010"}}
{"logTime": "0601/114154", "correlationVector":"lwlvgQ8U7IWZGCSjXQcX8S.2","action":"ProcessGetUpdates", "result":"Done", "context":{"dataType":"Bookmarks", "deleted":"0", "process_failed_to_decrypt":"0", "process_pending_decryption":"0", "process_success":"246", "total":"246"}}
{"logTime": "0601/114154", "correlationVector":"lwlvgQ8U7IWZGCSjXQcX8S.3","action":"GetUpdates Response", "result":"Success", "context":Received 246 update(s). cV=lwlvgQ8U7IWZGCSjXQcX8S.0;server=akswtt001000010;cloudType=Consumer;environment=Prod_southeastasia_prod-s01-064-apac-southeastasia;migrationStage=NotStarted Some updates remain.}
{"logTime": "0601/114154", "correlationVector":"qX5XtufoEvn3MIUOmBUQD4","action":"Initial GetUpdates", "result":"", "context":Reason: NEW_CLIENT. cV=qX5XtufoEvn3MIUOmBUQD4}
{"logTime": "0601/114156", "correlationVector":"qX5XtufoEvn3MIUOmBUQD4.1","action":"SyncServerConnectionManagerRequest", "result":"SYNC_SERVER_OK", "context":{"environment":"Prod_southeastasia_prod-s01-064-apac-southeastasia", "migrationStage":"NotStarted", "server":"akswtt00100001k"}}
{"logTime": "0601/114156", "correlationVector":"qX5XtufoEvn3MIUOmBUQD4.2","action":"ProcessGetUpdates", "result":"Done", "context":{"dataType":"Bookmarks", "deleted":"0", "process_failed_to_decrypt":"0", "process_pending_decryption":"0", "process_success":"250", "total":"250"}}
{"logTime": "0601/114156", "correlationVector":"qX5XtufoEvn3MIUOmBUQD4.3","action":"GetUpdates Response", "result":"Success", "context":Received 250 update(s). cV=qX5XtufoEvn3MIUOmBUQD4.0;server=akswtt00100001k;cloudType=Consumer;environment=Prod_southeastasia_prod-s01-064-apac-southeastasia;migrationStage=NotStarted Some updates remain.}
{"logTime": "0601/114156", "correlationVector":"0sBPt0rweon792xPy1bpYn","action":"Initial GetUpdates", "result":"", "context":Reason: NEW_CLIENT. cV=0sBPt0rweon792xPy1bpYn}
{"logTime": "0601/114156", "correlationVector":"0sBPt0rweon792xPy1bpYn.1","action":"SyncServerConnectionManagerRequest", "result":"SYNC_SERVER_OK", "context":{"environment":"Prod_southeastasia_prod-s01-064-apac-southeastasia", "migrationStage":"NotStarted", "server":"akswtt001000007"}}
{"logTime": "0601/114156", "correlationVector":"0sBPt0rweon792xPy1bpYn.2","action":"ProcessGetUpdates", "result":"Done", "context":{"dataType":"Bookmarks", "deleted":"0", "process_failed_to_decrypt":"0", "process_pending_decryption":"0", "process_success":"49", "total":"49"}}
{"logTime": "0601/114156", "correlationVector":"0sBPt0rweon792xPy1bpYn.3","action":"GetUpdates Response", "result":"Success", "context":Received 49 update(s). cV=0sBPt0rweon792xPy1bpYn.0;server=akswtt001000007;cloudType=Consumer;environment=Prod_southeastasia_prod-s01-064-apac-southeastasia;migrationStage=NotStarted}
{"logTime": "0601/114157", "correlationVector":"UL+Bj4O6LGbKlGGG6fxM+G","action":"SyncServerConnectionManagerRequest", "result":"SYNC_SERVER_ERROR", "context":{"environment":"", "error_type":"http_status_code", "error_value":"400", "migrationStage":"", "server":""}}
{"logTime": "0601/114157", "correlationVector":"Ves3JeOee1ZhBxtJozlZJT","action":"Initial GetUpdates", "result":"", "context":Reason: NEW_CLIENT. cV=Ves3JeOee1ZhBxtJozlZJT}
